2026-09-28 19:50:13  Session démarrée
2026-09-28 19:50:33  Scan de 192.168.1.1 à 192.168.1.254…
2026-09-28 19:50:39  Scan terminé.
2026-09-28 19:52:58  ── Traceroute – 192.168.1.17 ──
2026-09-28 19:52:58  traceroute to 192.168.1.17 (192.168.1.17), 64 hops max, 52 byte packets
2026-09-28 19:52:58   1  192.168.1.17  189.015 ms  3.997 ms  3.911 ms
2026-09-28 19:52:58  ── Fin : Traceroute – 192.168.1.17 ──
2026-09-28 19:53:06  ── Ping – 192.168.1.17 ──
2026-09-28 19:53:09  PING 192.168.1.17 (192.168.1.17): 56 data bytes
2026-09-28 19:53:09  
2026-09-28 19:53:09  --- 192.168.1.17 ping statistics ---
2026-09-28 19:53:09  4 packets transmitted, 4 packets received, 0.0% packet loss, 4 packets out of wait time
2026-09-28 19:53:09  round-trip min/avg/max/stddev = 131.953/189.727/306.902/68.922 ms
2026-09-28 19:53:09  ── Fin : Ping – 192.168.1.17 ──
2026-09-28 19:53:13  ── Nslookup – 192.168.1.17 ──
2026-09-28 19:53:13  Server:		2a01:cb0c:15b1:1900:8282:feff:fe42:37a8
2026-09-28 19:53:13  Address:	2a01:cb0c:15b1:1900:8282:feff:fe42:37a8#53
2026-09-28 19:53:13  
2026-09-28 19:53:13  17.1.168.192.in-addr.arpa	name = honor-pad-x8a-1.home.
2026-09-28 19:53:13  
2026-09-28 19:53:13  ── Fin : Nslookup – 192.168.1.17 ──
2026-09-28 19:53:22  ── Ports ouverts – Netstat ──
2026-09-28 19:53:22  Active Internet connections (including servers)
2026-09-28 19:53:22  Proto Recv-Q Send-Q  Local Address          Foreign Address        (state)    
2026-09-28 19:53:22  tcp4       0      0  192.168.1.16.52036     192.168.1.1.80         ESTABLISHED
2026-09-28 19:53:22  tcp4       0      0  192.168.1.16.52035     192.168.1.1.80         ESTABLISHED
2026-09-28 19:53:22  tcp6       0      0  2a01:cb0c:15b1:1.52030 2a04:4e42:1d::34.443   ESTABLISHED
2026-09-28 19:53:22  tcp6       0      0  2a01:cb0c:15b1:1.52027 2a04:4e42:1d::34.443   ESTABLISHED
2026-09-28 19:53:22  tcp6       0      0  2a01:cb0c:15b1:1.52026 2a04:4e42:1d::34.443   ESTABLISHED
2026-09-28 19:53:22  tcp4       0      0  192.168.1.16.52025     192.168.1.1.80         ESTABLISHED
2026-09-28 19:53:22  tcp4       0      0  192.168.1.16.52024     192.168.1.1.80         ESTABLISHED
2026-09-28 19:53:22  tcp4       0      0  192.168.1.16.52023     192.168.1.1.80         ESTABLISHED
2026-09-28 19:53:22  tcp4       0      0  192.168.1.16.52022     192.168.1.1.80         ESTABLISHED
2026-09-28 19:53:22  tcp6       0      0  2a01:cb0c:15b1:1.52013 2a04:4e42:1d::34.443   ESTABLISHED
2026-09-28 19:53:22  tcp6       0      0  2a01:cb0c:15b1:1.52012 2a04:4e42:1d::34.443   ESTABLISHED
2026-09-28 19:53:22  tcp6       0      0  2a01:cb0c:15b1:1.52002 2606:50c0:8003::.443   ESTABLISHED
2026-09-28 19:53:22  tcp6       0      0  2a01:cb0c:15b1:1.51998 2a02:26f0:9100:2.443   ESTABLISHED
2026-09-28 19:53:22  tcp6       0      0  2a01:cb0c:15b1:1.51989 2a02:26f0:9100:2.443   ESTABLISHED
2026-09-28 19:53:22  tcp6       0      0  2a01:cb0c:15b1:1.51988 2a02:26f0:9100:2.443   ESTABLISHED
2026-09-28 19:53:22  tcp6       0      0  2a01:cb0c:15b1:1.51987 2a02:26f0:9100:2.443   ESTABLISHED
2026-09-28 19:53:22  tcp6       0      0  2a01:cb0c:15b1:1.51986 2a02:26f0:9100:2.443   ESTABLISHED
2026-09-28 19:53:22  tcp6       0      0  2a01:cb0c:15b1:1.51985 2a02:26f0:9100:2.443   ESTABLISHED
2026-09-28 19:53:22  tcp6       0      0  2a01:cb0c:15b1:1.51984 2a02:26f0:9100:2.443   ESTABLISHED
2026-09-28 19:53:22  tcp6       0      0  2a01:cb0c:15b1:1.51983 2a02:26f0:9100:2.443   ESTABLISHED
2026-09-28 19:53:22  tcp6       0      0  2a01:cb0c:15b1:1.51982 2a02:26f0:9100:2.443   ESTABLISHED
2026-09-28 19:53:22  tcp6       0      0  2a01:cb0c:15b1:1.51981 2a02:26f0:9100:2.443   ESTABLISHED
2026-09-28 19:53:22  tcp6       0      0  2a01:cb0c:15b1:1.51980 2a02:26f0:9100:2.443   ESTABLISHED
2026-09-28 19:53:22  tcp6       0      0  2a01:cb0c:15b1:1.51978 2a02:26f0:9100:2.443   ESTABLISHED
2026-09-28 19:53:22  tcp6       0      0  2a01:cb0c:15b1:1.51977 2a02:26f0:9100:2.443   ESTABLISHED
2026-09-28 19:53:22  tcp6       0      0  2a01:cb0c:15b1:1.51973 2001:4860:4842:4.443   ESTABLISHED
2026-09-28 19:53:22  tcp4       0      0  192.168.1.16.51927     34.107.243.93.443      ESTABLISHED
2026-09-28 19:53:22  tcp4       0      0  127.0.0.1.51582        127.0.0.1.51824        ESTABLISHED
2026-09-28 19:53:22  tcp4       0      0  127.0.0.1.51824        127.0.0.1.51582        ESTABLISHED
2026-09-28 19:53:22  tcp6       0      0  2a01:cb0c:15b1:1.51759 2001:4860:4844:4.443   ESTABLISHED
2026-09-28 19:53:22  tcp4       0      0  127.0.0.1.51675        *.*                    LISTEN     
2026-09-28 19:53:22  tcp4       0      0  127.0.0.1.51582        127.0.0.1.51609        ESTABLISHED
2026-09-28 19:53:22  tcp4       0      0  127.0.0.1.51609        127.0.0.1.51582        ESTABLISHED
2026-09-28 19:53:22  tcp4       0      0  192.168.1.16.51587     34.54.84.110.443       ESTABLISHED
2026-09-28 19:53:22  tcp4       0      0  127.0.0.1.51582        *.*                    LISTEN     
2026-09-28 19:53:22  tcp4       0      0  127.0.0.1.51585        *.*                    LISTEN     
2026-09-28 19:53:22  tcp6       0      0  2a01:cb0c:15b1:1.51092 2a04:4e42:1d::34.443   ESTABLISHED
2026-09-28 19:53:22  tcp4       0      0  192.168.1.16.51048     192.168.1.13.49525     ESTABLISHED
2026-09-28 19:53:22  tcp6       0      0  fe80::1c73:80aa:.51048 fe80::f5:861f:da.65072 ESTABLISHED
2026-09-28 19:53:22  tcp6       0      0  *.51048                *.*                    LISTEN     
2026-09-28 19:53:22  tcp4       0      0  *.51048                *.*                    LISTEN     
2026-09-28 19:53:22  tcp6       0      0  fe80::3157:86a6:.1025  fe80::3baf:b60f:.1026  ESTABLISHED
2026-09-28 19:53:22  tcp6       0      0  fe80::3157:86a6:.1024  fe80::3baf:b60f:.1024  ESTABLISHED
2026-09-28 19:53:22  tcp6       0      0  2a01:cb0c:15b1:1.51604 2001:4860:4843:4.443   TIME_WAIT  
2026-09-28 19:53:22  tcp4       0      0  192.168.1.16.54775     17.188.185.134.5223    ESTABLISHED
2026-09-28 19:53:22  udp4       0      0  *.58920                *.*                               
2026-09-28 19:53:22  udp4       0      0  *.3722                 *.*                               
2026-09-28 19:53:22  udp6       0      0  *.3722                 *.*                               
2026-09-28 19:53:22  udp4       0      0  *.*                    *.*                               
2026-09-28 19:53:22  udp4       0      0  *.*                    *.*                               
2026-09-28 19:53:22  udp4       0      0  *.*                    *.*                               
2026-09-28 19:53:22  udp4       0      0  *.*                    *.*                               
2026-09-28 19:53:22  udp4       0      0  *.*                    *.*                               
2026-09-28 19:53:22  udp4       0      0  *.*                    *.*                               
2026-09-28 19:53:22  udp4       0      0  *.*                    *.*                               
2026-09-28 19:53:22  udp4       0      0  *.*                    *.*                               
2026-09-28 19:53:22  udp4       0      0  *.*                    *.*                               
2026-09-28 19:53:22  udp4       0      0  *.*                    *.*                               
2026-09-28 19:53:22  udp4       0      0  *.*                    *.*                               
2026-09-28 19:53:22  udp4       0      0  *.*                    *.*                               
2026-09-28 19:53:22  udp4       0      0  *.*                    *.*                               
2026-09-28 19:53:22  udp4       0      0  *.*                    *.*                               
2026-09-28 19:53:22  udp4       0      0  *.*                    *.*                               
2026-09-28 19:53:22  udp4       0      0  *.*                    *.*                               
2026-09-28 19:53:22  udp4       0      0  *.*                    *.*                               
2026-09-28 19:53:22  udp4       0      0  *.*                    *.*                               
2026-09-28 19:53:22  udp4       0      0  *.*                    *.*                               
2026-09-28 19:53:22  udp4       0      0  *.*                    *.*                               
2026-09-28 19:53:22  udp4       0      0  *.*                    *.*                               
2026-09-28 19:53:22  udp4       0      0  *.*                    *.*                               
2026-09-28 19:53:22  udp4       0      0  *.*                    *.*                               
2026-09-28 19:53:22  udp4       0      0  *.*                    *.*                               
2026-09-28 19:53:22  udp4       0      0  *.*                    *.*                               
2026-09-28 19:53:22  udp4       0      0  *.*                    *.*                               
2026-09-28 19:53:22  udp4       0      0  *.*                    *.*                               
2026-09-28 19:53:22  udp4       0      0  *.*                    *.*                               
2026-09-28 19:53:22  udp4       0      0  *.*                    *.*                               
2026-09-28 19:53:22  udp4       0      0  *.*                    *.*                               
2026-09-28 19:53:22  udp4       0      0  *.*                    *.*                               
2026-09-28 19:53:22  udp4       0      0  *.*                    *.*                               
2026-09-28 19:53:22  udp4       0      0  *.*                    *.*                               
2026-09-28 19:53:22  udp4       0      0  *.*                    *.*                               
2026-09-28 19:53:22  udp4       0      0  *.*                    *.*                               
2026-09-28 19:53:22  udp4       0      0  *.*                    *.*                               
2026-09-28 19:53:22  udp4       0      0  *.*                    *.*                               
2026-09-28 19:53:22  udp4       0      0  *.*                    *.*                               
2026-09-28 19:53:22  udp4       0      0  *.*                    *.*                               
2026-09-28 19:53:22  udp4       0      0  *.*                    *.*                               
2026-09-28 19:53:22  udp4       0      0  *.*                    *.*                               
2026-09-28 19:53:22  udp4       0      0  *.*                    *.*                               
2026-09-28 19:53:22  udp46      0      0  *.*                    *.*                               
2026-09-28 19:53:22  udp4       0      0  *.*                    *.*                               
2026-09-28 19:53:22  udp4       0      0  *.*                    *.*                               
2026-09-28 19:53:22  udp4       0      0  *.*                    *.*                               
2026-09-28 19:53:22  udp4       0      0  *.*                    *.*                               
2026-09-28 19:53:22  udp6       0      0  *.5353                 *.*                               
2026-09-28 19:53:22  udp4       0      0  *.5353                 *.*                               
2026-09-28 19:53:22  udp4       0      0  *.*                    *.*                               
2026-09-28 19:53:22  udp4       0      0  *.*                    *.*                               
2026-09-28 19:53:22  udp4       0      0  *.138                  *.*                               
2026-09-28 19:53:22  udp4       0      0  *.137                  *.*                               
2026-09-28 19:53:22  Active Multipath Internet connections
2026-09-28 19:53:22  Proto/ID  Flags      Local Address          Foreign Address        (state)    
2026-09-28 19:53:22  icm6       0      0  *.*                    *.*                               
2026-09-28 19:53:22  Active LOCAL (UNIX) domain sockets
2026-09-28 19:53:22  Address          Type   Recv-Q Send-Q            Inode             Conn             Refs          Nextref Addr
2026-09-28 19:53:22  2ac2edc02bf2a5a1 stream      0      0                0 2ac2edc02bf2a4d9                0                0
2026-09-28 19:53:22  2ac2edc02bf2a4d9 stream      0      0                0 2ac2edc02bf2a5a1                0                0
2026-09-28 19:53:22  2ac2edc02bf2a411 stream      0      0                0 2ac2edc02bf2a349                0                0
2026-09-28 19:53:22  2ac2edc02bf2a349 stream      0      0                0 2ac2edc02bf2a411                0                0
2026-09-28 19:53:22  2ac2edc02bf2a281 stream      0      0                0 2ac2edc02bf2a1b9                0                0
2026-09-28 19:53:22  2ac2edc02bf2a1b9 stream      0      0                0 2ac2edc02bf2a281                0                0
2026-09-28 19:53:22  2ac2edc02bf2a0f1 stream      0      0                0 2ac2edc02bf2a029                0                0 /var/run/mDNSResponder
2026-09-28 19:53:22  2ac2edc02bf2a029 stream      0      0                0 2ac2edc02bf2a0f1                0                0
2026-09-28 19:53:22  2ac2edc02bf2b479 stream      0      0                0 2ac2edc02bf2b3b1                0                0
2026-09-28 19:53:22  2ac2edc02bf2b3b1 stream      0      0                0 2ac2edc02bf2b479                0                0
2026-09-28 19:53:22  2ac2edc02bf2b2e9 stream      0      0                0 2ac2edc02bf2b221                0                0
2026-09-28 19:53:22  2ac2edc02bf2b221 stream      0      0                0 2ac2edc02bf2b2e9                0                0
2026-09-28 19:53:22  2ac2edc02bf29f61 stream      0      0                0 2ac2edc02bf29e99                0                0
2026-09-28 19:53:22  2ac2edc02bf29e99 stream      0      0                0 2ac2edc02bf29f61                0                0
2026-09-28 19:53:22  2ac2edc02bf29dd1 stream      0      0                0 2ac2edc02bf2ccb1                0                0
2026-09-28 19:53:22  2ac2edc02bf2ccb1 stream      0      0                0 2ac2edc02bf29dd1                0                0
2026-09-28 19:53:22  2ac2edc02bf2b9f1 stream      0      0                0 2ac2edc02bf2b929                0                0 /var/run/mDNSResponder
2026-09-28 19:53:22  2ac2edc02bf2b929 stream      0      0                0 2ac2edc02bf2b9f1                0                0
2026-09-28 19:53:22  2ac2edc02bf2abe1 stream      0      0                0 2ac2edc02bf2ab19                0                0
2026-09-28 19:53:22  2ac2edc02bf2ab19 stream      0      0                0 2ac2edc02bf2abe1                0                0
2026-09-28 19:53:22  2ac2edc02bf2da51 stream      0      0                0 2ac2edc02bf2d989                0                0
2026-09-28 19:53:22  2ac2edc02bf2d989 stream      0      0                0 2ac2edc02bf2da51                0                0
2026-09-28 19:53:22  2ac2edc02bf2d8c1 stream      0      0                0 2ac2edc02bf2dd71                0                0
2026-09-28 19:53:22  2ac2edc02bf2dd71 stream      0      0                0 2ac2edc02bf2d8c1                0                0
2026-09-28 19:53:22  2ac2edc02bf2dca9 stream      0      0                0 2ac2edc02bf2db19                0                0
2026-09-28 19:53:22  2ac2edc02bf2db19 stream      0      0                0 2ac2edc02bf2dca9                0                0
2026-09-28 19:53:22  2ac2edc02bf2c801 stream      0      0                0 2ac2edc02bf2c739                0                0
2026-09-28 19:53:22  2ac2edc02bf2c739 stream      0      0                0 2ac2edc02bf2c801                0                0
2026-09-28 19:53:22  2ac2edc02bf2c671 stream      0      0                0 2ac2edc02bf2c5a9                0                0
2026-09-28 19:53:22  2ac2edc02bf2c5a9 stream      0      0                0 2ac2edc02bf2c671                0                0
2026-09-28 19:53:22  2ac2edc02bf2c4e1 stream      0      0                0 2ac2edc02bf2c419                0                0
2026-09-28 19:53:22  2ac2edc02bf2c419 stream      0      0                0 2ac2edc02bf2c4e1                0                0
2026-09-28 19:53:22  2ac2edc02bf2fbe9 stream      0      0                0 2ac2edc02bf2fb21                0                0
2026-09-28 19:53:22  2ac2edc02bf2fb21 stream      0      0                0 2ac2edc02bf2fbe9                0                0
2026-09-28 19:53:22  2ac2edc02bf2fa59 stream      0      0                0 2ac2edc02bf2f801                0                0
2026-09-28 19:53:22  2ac2edc02bf2f801 stream      0      0                0 2ac2edc02bf2fa59                0                0
2026-09-28 19:53:22  2ac2edc02bf2f671 stream      0      0                0 2ac2edc02bf2d029                0                0
2026-09-28 19:53:22  2ac2edc02bf2d029 stream      0      0                0 2ac2edc02bf2f671                0                0
2026-09-28 19:53:22  2ac2edc02bf2cf61 stream      0      0                0 2ac2edc02bf2ce99                0                0
2026-09-28 19:53:22  2ac2edc02bf2ce99 stream      0      0                0 2ac2edc02bf2cf61                0                0
2026-09-28 19:53:22  2ac2edc02bf2f4e1 stream      0      0                0 2ac2edc02bf2f351                0                0
2026-09-28 19:53:22  2ac2edc02bf2f351 stream      0      0                0 2ac2edc02bf2f4e1                0                0
2026-09-28 19:53:22  2ac2edc02bf2e2e9 stream      0      0                0 2ac2edc02bf2d731                0                0
2026-09-28 19:53:22  2ac2edc02bf2d731 stream      0      0                0 2ac2edc02bf2e2e9                0                0
2026-09-28 19:53:22  2ac2edc02bf2d1b9 stream      0      0                0 2ac2edc02bf2d0f1                0                0
2026-09-28 19:53:22  2ac2edc02bf2d0f1 stream      0      0                0 2ac2edc02bf2d1b9                0                0
2026-09-28 19:53:22  2ac2edc02bf2f1c1 stream      0      0                0 2ac2edc02bf2f0f9                0                0 /var/run/mDNSResponder
2026-09-28 19:53:22  2ac2edc02bf2f0f9 stream      0      0                0 2ac2edc02bf2f1c1                0                0
2026-09-28 19:53:22  2ac2edc02bf2ec49 stream      0      0                0 2ac2edc02bf2e929                0                0
2026-09-28 19:53:22  2ac2edc02bf2e929 stream      0      0                0 2ac2edc02bf2ec49                0                0
2026-09-28 19:53:22  2ac2edc02bf2e861 stream      0      0                0 2ac2edc02bf2e3b1                0                0
2026-09-28 19:53:22  2ac2edc02bf2e3b1 stream      0      0                0 2ac2edc02bf2e861                0                0
2026-09-28 19:53:22  2ac2edc02bf2f031 stream      0      0                0 2ac2edc02bf31669                0                0 /var/run/mDNSResponder
2026-09-28 19:53:22  2ac2edc02bf31669 stream      0      0                0 2ac2edc02bf2f031                0                0
2026-09-28 19:53:22  2ac2edc02bf31281 stream      0      0                0 2ac2edc02bf30dd1                0                0
2026-09-28 19:53:22  2ac2edc02bf30dd1 stream      0      0                0 2ac2edc02bf31281                0                0
2026-09-28 19:53:22  2ac2edc02bf33991 stream      0      0                0 2ac2edc02bf33739                0                0
2026-09-28 19:53:22  2ac2edc02bf33739 stream      0      0                0 2ac2edc02bf33991                0                0
2026-09-28 19:53:22  2ac2edc02bf330f9 stream      0      0                0 2ac2edc02bf32799                0                0
2026-09-28 19:53:22  2ac2edc02bf32799 stream      0      0                0 2ac2edc02bf330f9                0                0
2026-09-28 19:53:22  2ac2edc02bf2cdd1 stream      0      0                0 2ac2edc02bf2fcb1                0                0
2026-09-28 19:53:22  2ac2edc02bf2fcb1 stream      0      0                0 2ac2edc02bf2cdd1                0                0
2026-09-28 19:53:22  2ac2edc02bf2e609 stream      0      0                0 2ac2edc02bf2e541                0                0
2026-09-28 19:53:22  2ac2edc02bf2e541 stream      0      0                0 2ac2edc02bf2e609                0                0
2026-09-28 19:53:22  2ac2edc02bf2f739 stream      0      0                0 2ac2edc02bf2f5a9                0                0
2026-09-28 19:53:22  2ac2edc02bf2f5a9 stream      0      0                0 2ac2edc02bf2f739                0                0
2026-09-28 19:53:22  2ac2edc02bf2eb81 stream      0      0                0 2ac2edc02bf2eab9                0                0 /var/run/mDNSResponder
2026-09-28 19:53:22  2ac2edc02bf2eab9 stream      0      0                0 2ac2edc02bf2eb81                0                0
2026-09-28 19:53:22  2ac2edc02bf2e9f1 stream      0      0                0 2ac2edc02bf2e799                0                0
2026-09-28 19:53:22  2ac2edc02bf2e799 stream      0      0                0 2ac2edc02bf2e9f1                0                0
2026-09-28 19:53:22  2ac2edc02bf2e159 stream      0      0                0 2ac2edc02bf2de39                0                0
2026-09-28 19:53:22  2ac2edc02bf2de39 stream      0      0                0 2ac2edc02bf2e159                0                0
2026-09-28 19:53:22  2ac2edc02bf2d669 stream      0      0                0 2ac2edc02bf2d5a1                0                0
2026-09-28 19:53:22  2ac2edc02bf2d5a1 stream      0      0                0 2ac2edc02bf2d669                0                0
2026-09-28 19:53:22  2ac2edc02bf2d4d9 stream      0      0                0 2ac2edc02bf2d411                0                0
2026-09-28 19:53:22  2ac2edc02bf2d411 stream      0      0                0 2ac2edc02bf2d4d9                0                0
2026-09-28 19:53:22  2ac2edc02bf2d7f9 stream      0      0 2ac2edc0272ef0d1                0                0                0 /var/folders/c6/_8_6wf6103s5ty5ww6qfq2mc0000gn/T/vscode-ah-2c4405b54b03/Ih-BU1GMrhkFpl4CzqbERg.sock
2026-09-28 19:53:22  2ac2edc02bf2d281 stream      0      0 2ac2edc0280035d1                0                0                0 /Users/rm/Library/Application Support/Code/1.13-main.sock
2026-09-28 19:53:22  2ac2edc02bf33cb1 stream      0      0                0 2ac2edc02bf33be9                0                0
2026-09-28 19:53:22  2ac2edc02bf33be9 stream      0      0                0 2ac2edc02bf33cb1                0                0
2026-09-28 19:53:22  2ac2edc02bf2ef69 stream      0      0                0 2ac2edc02bf2eea1                0                0
2026-09-28 19:53:22  2ac2edc02bf2eea1 stream      0      0                0 2ac2edc02bf2ef69                0                0
2026-09-28 19:53:22  2ac2edc02bf2e479 stream      0      0                0 2ac2edc02bf2df01                0                0
2026-09-28 19:53:22  2ac2edc02bf2df01 stream      0      0                0 2ac2edc02bf2e479                0                0
2026-09-28 19:53:22  2ac2edc02bf2edd9 stream      0      0                0 2ac2edc02bf2ed11                0                0
2026-09-28 19:53:22  2ac2edc02bf2ed11 stream      0      0                0 2ac2edc02bf2edd9                0                0
2026-09-28 19:53:22  2ac2edc02bf2f991 stream      0      0                0 2ac2edc02bf2f8c9                0                0
2026-09-28 19:53:22  2ac2edc02bf2f8c9 stream      0      0                0 2ac2edc02bf2f991                0                0
2026-09-28 19:53:22  2ac2edc02bf33b21 stream      0      0                0 2ac2edc02bf33a59                0                0
2026-09-28 19:53:22  2ac2edc02bf33a59 stream      0      0                0 2ac2edc02bf33b21                0                0
2026-09-28 19:53:22  2ac2edc02bf32091 stream      0      0                0 2ac2edc02bf31e39                0                0 /var/run/mDNSResponder
2026-09-28 19:53:22  2ac2edc02bf31e39 stream      0      0                0 2ac2edc02bf32091                0                0
2026-09-28 19:53:22  2ac2edc02bf31d71 stream      0      0                0 2ac2edc02bf31ca9                0                0
2026-09-28 19:53:22  2ac2edc02bf31ca9 stream      0      0                0 2ac2edc02bf31d71                0                0
2026-09-28 19:53:22  2ac2edc02bf322e9 stream      0      0                0 2ac2edc02bf32221                0                0
2026-09-28 19:53:22  2ac2edc02bf32221 stream      0      0                0 2ac2edc02bf322e9                0                0
2026-09-28 19:53:22  2ac2edc02bf31be1 stream      0      0                0 2ac2edc02bf31b19                0                0
2026-09-28 19:53:22  2ac2edc02bf31b19 stream      0      0                0 2ac2edc02bf31be1                0                0
2026-09-28 19:53:22  2ac2edc02bf33671 stream      0      0                0 2ac2edc02bf33419                0                0
2026-09-28 19:53:22  2ac2edc02bf33419 stream      0      0                0 2ac2edc02bf33671                0                0
2026-09-28 19:53:22  2ac2edc02bf31a51 stream      0      0                0 2ac2edc02bf31989                0                0
2026-09-28 19:53:22  2ac2edc02bf31989 stream      0      0                0 2ac2edc02bf31a51                0                0
2026-09-28 19:53:22  2ac2edc02bf33289 stream      0      0                0 2ac2edc02bf331c1                0                0
2026-09-28 19:53:22  2ac2edc02bf331c1 stream      0      0                0 2ac2edc02bf33289                0                0
2026-09-28 19:53:22  2ac2edc02bf311b9 stream      0      0                0 2ac2edc02bf31029                0                0
2026-09-28 19:53:22  2ac2edc02bf31029 stream      0      0                0 2ac2edc02bf311b9                0                0
2026-09-28 19:53:22  2ac2edc02bf318c1 stream      0      0                0 2ac2edc02bf31731                0                0
2026-09-28 19:53:22  2ac2edc02bf31731 stream      0      0                0 2ac2edc02bf318c1                0                0
2026-09-28 19:53:22  2ac2edc02bf30f61 stream      0      0                0 2ac2edc02bf30e99                0                0
2026-09-28 19:53:22  2ac2edc02bf30e99 stream      0      0                0 2ac2edc02bf30f61                0                0
2026-09-28 19:53:22  2ac2edc02bf360f9 stream      0      0                0 2ac2edc02bf35ea1                0                0
2026-09-28 19:53:22  2ac2edc02bf35ea1 stream      0      0                0 2ac2edc02bf360f9                0                0
2026-09-28 19:53:22  2ac2edc02bf323b1 stream      0      0                0 2ac2edc02bf352e9                0                0 /var/run/mDNSResponder
2026-09-28 19:53:22  2ac2edc02bf352e9 stream      0      0                0 2ac2edc02bf323b1                0                0
2026-09-28 19:53:22  2ac2edc02bf338c9 stream      0      0                0 2ac2edc02bf33801                0                0 /var/run/mDNSResponder
2026-09-28 19:53:22  2ac2edc02bf33801 stream      0      0                0 2ac2edc02bf338c9                0                0
2026-09-28 19:53:22  2ac2edc02bf335a9 stream      0      0                0 2ac2edc02bf334e1                0                0 /var/run/mDNSResponder
2026-09-28 19:53:22  2ac2edc02bf334e1 stream      0      0                0 2ac2edc02bf335a9                0                0
2026-09-28 19:53:22  2ac2edc02bf38dd9 stream      0      0                0 2ac2edc02bf38d11                0                0 /var/run/mDNSResponder
2026-09-28 19:53:22  2ac2edc02bf38d11 stream      0      0                0 2ac2edc02bf38dd9                0                0
2026-09-28 19:53:22  2ac2edc02bf34a51 stream      0      0                0 2ac2edc02bf35f69                0                0 /var/run/mDNSResponder
2026-09-28 19:53:22  2ac2edc02bf35f69 stream      0      0                0 2ac2edc02bf34a51                0                0
2026-09-28 19:53:22  2ac2edc02bf39cb1 stream      0      0                0 2ac2edc02bf39be9                0                0 /var/run/mDNSResponder
2026-09-28 19:53:22  2ac2edc02bf39be9 stream      0      0                0 2ac2edc02bf39cb1                0                0
2026-09-28 19:53:22  2ac2edc02bf34989 stream      0      0                0 2ac2edc02bf348c1                0                0 /var/run/mDNSResponder
2026-09-28 19:53:22  2ac2edc02bf348c1 stream      0      0                0 2ac2edc02bf34989                0                0
2026-09-28 19:53:22  2ac2edc02bf2e091 stream      0      0                0 2ac2edc02bf2dfc9                0                0 /var/run/mDNSResponder
2026-09-28 19:53:22  2ac2edc02bf2dfc9 stream      0      0                0 2ac2edc02bf2e091                0                0
2026-09-28 19:53:22  2ac2edc02bf32f69 stream      0      0                0 2ac2edc02bf32ea1                0                0 /var/run/mDNSResponder
2026-09-28 19:53:22  2ac2edc02bf32ea1 stream      0      0                0 2ac2edc02bf32f69                0                0
2026-09-28 19:53:22  2ac2edc02bf315a1 stream      0      0                0 2ac2edc02bf314d9                0                0 /var/run/mDNSResponder
2026-09-28 19:53:22  2ac2edc02bf314d9 stream      0      0                0 2ac2edc02bf315a1                0                0
2026-09-28 19:53:22  2ac2edc02bf32ab9 stream      0      0                0 2ac2edc02bf32929                0                0 /var/run/mDNSResponder
2026-09-28 19:53:22  2ac2edc02bf32929 stream      0      0                0 2ac2edc02bf32ab9                0                0
2026-09-28 19:53:22  2ac2edc02bf31fc9 stream      0      0                0 2ac2edc02bf31f01                0                0 /var/run/mDNSResponder
2026-09-28 19:53:22  2ac2edc02bf31f01 stream      0      0                0 2ac2edc02bf31fc9                0                0
2026-09-28 19:53:22  2ac2edc02bf34669 stream      0      0                0 2ac2edc02bf345a1                0                0
2026-09-28 19:53:22  2ac2edc02bf345a1 stream      0      0                0 2ac2edc02bf34669                0                0
2026-09-28 19:53:22  2ac2edc02bf344d9 stream      0      0                0 2ac2edc02bf34411                0                0
2026-09-28 19:53:22  2ac2edc02bf34411 stream      0      0                0 2ac2edc02bf344d9                0                0
2026-09-28 19:53:22  2ac2edc02bf35dd9 stream      0      0                0 2ac2edc02bf35d11                0                0
2026-09-28 19:53:22  2ac2edc02bf35d11 stream      0      0                0 2ac2edc02bf35dd9                0                0
2026-09-28 19:53:22  2ac2edc02bf35c49 stream      0      0                0 2ac2edc02bf35b81                0                0
2026-09-28 19:53:22  2ac2edc02bf35b81 stream      0      0                0 2ac2edc02bf35c49                0                0
2026-09-28 19:53:22  2ac2edc02bf341b9 stream      0      0                0 2ac2edc02bf340f1                0                0 /var/run/mDNSResponder
2026-09-28 19:53:22  2ac2edc02bf340f1 stream      0      0                0 2ac2edc02bf341b9                0                0
2026-09-28 19:53:22  2ac2edc02bf35ab9 stream      0      0                0 2ac2edc02bf359f1                0                0 /var/run/mDNSResponder
2026-09-28 19:53:22  2ac2edc02bf359f1 stream      0      0                0 2ac2edc02bf35ab9                0                0
2026-09-28 19:53:22  2ac2edc02bf34029 stream      0      0                0 2ac2edc02bf33f61                0                0 /var/run/mDNSResponder
2026-09-28 19:53:22  2ac2edc02bf33f61 stream      0      0                0 2ac2edc02bf34029                0                0
2026-09-28 19:53:22  2ac2edc02bf33e99 stream      0      0                0 2ac2edc02bf33dd1                0                0 /var/run/mDNSResponder
2026-09-28 19:53:22  2ac2edc02bf33dd1 stream      0      0                0 2ac2edc02bf33e99                0                0
2026-09-28 19:53:22  2ac2edc02bf35929 stream      0      0                0 2ac2edc02bf35861                0                0 /var/run/mDNSResponder
2026-09-28 19:53:22  2ac2edc02bf35861 stream      0      0                0 2ac2edc02bf35929                0                0
2026-09-28 19:53:22  2ac2edc02bf35799 stream      0      0                0 2ac2edc02bf356d1                0                0 /var/run/mDNSResponder
2026-09-28 19:53:22  2ac2edc02bf356d1 stream      0      0                0 2ac2edc02bf35799                0                0
2026-09-28 19:53:22  2ac2edc02bf36cb1 stream      0      0                0 2ac2edc02bf36be9                0                0 /var/run/mDNSResponder
2026-09-28 19:53:22  2ac2edc02bf36be9 stream      0      0                0 2ac2edc02bf36cb1                0                0
2026-09-28 19:53:22  2ac2edc02bf36b21 stream      0      0                0 2ac2edc02bf36a59                0                0 /var/run/mDNSResponder
2026-09-28 19:53:22  2ac2edc02bf36a59 stream      0      0                0 2ac2edc02bf36b21                0                0
2026-09-28 19:53:22  2ac2edc02bf36991 stream      0      0                0 2ac2edc02bf36739                0                0 /var/run/mDNSResponder
2026-09-28 19:53:22  2ac2edc02bf368c9 stream      0      0                0 2ac2edc02bf36801                0                0 /var/run/mDNSResponder
2026-09-28 19:53:22  2ac2edc02bf36801 stream      0      0                0 2ac2edc02bf368c9                0                0
2026-09-28 19:53:22  2ac2edc02bf36739 stream      0      0                0 2ac2edc02bf36991                0                0
2026-09-28 19:53:22  2ac2edc02bf35609 stream      0      0                0 2ac2edc02bf35541                0                0 /var/run/mDNSResponder
2026-09-28 19:53:22  2ac2edc02bf35541 stream      0      0                0 2ac2edc02bf35609                0                0
2026-09-28 19:53:22  2ac2edc02bf35479 stream      0      0                0 2ac2edc02bf353b1                0                0 /var/run/usbmuxd
2026-09-28 19:53:22  2ac2edc02bf353b1 stream      0      0                0 2ac2edc02bf35479                0                0
2026-09-28 19:53:22  2ac2edc02bf36671 stream      0      0                0 2ac2edc02bf365a9                0                0 /var/run/usbmuxd
2026-09-28 19:53:22  2ac2edc02bf365a9 stream      0      0                0 2ac2edc02bf36671                0                0
2026-09-28 19:53:22  2ac2edc02bf35091 stream      0      0                0 2ac2edc02bf34fc9                0                0 /var/run/mDNSResponder
2026-09-28 19:53:22  2ac2edc02bf34fc9 stream      0      0                0 2ac2edc02bf35091                0                0
2026-09-28 19:53:22  2ac2edc02bf34e39 stream      0      0                0 2ac2edc02bf34d71                0                0 /var/run/mDNSResponder
2026-09-28 19:53:22  2ac2edc02bf34d71 stream      0      0                0 2ac2edc02bf34e39                0                0
2026-09-28 19:53:22  2ac2edc02bf37be1 stream      0      0 2ac2edc029d3f1d1                0                0                0 /var/run/filesystemui.socket
2026-09-28 19:53:22  2ac2edc02bf38f69 stream      0      0 2ac2edc029d3fbd1                0                0                0 /private/tmp/com.apple.launchd.TxAJHhXoVa/Listeners
2026-09-28 19:53:22  2ac2edc02bf390f9 stream      0      0                0 2ac2edc02bf39031                0                0 /var/run/mDNSResponder
2026-09-28 19:53:22  2ac2edc02bf39031 stream      0      0                0 2ac2edc02bf390f9                0                0
2026-09-28 19:53:22  2ac2edc02bf39739 stream      0      0 2ac2edc02a82e4d1                0                0                0 /var/run/displaypolicyd/state
2026-09-28 19:53:22  2ac2edc02bf38091 stream      0      0                0 2ac2edc02bf37fc9                0                0
2026-09-28 19:53:22  2ac2edc02bf37fc9 stream      0      0                0 2ac2edc02bf38091                0                0
2026-09-28 19:53:22  2ac2edc02bf38221 stream      0      0 2ac2edc02ab466d1                0                0                0 /var/run/pppconfd
2026-09-28 19:53:22  2ac2edc02bf37b19 stream      0      0 2ac2edc02adad0d1                0                0                0 /var/run/usbmuxd
2026-09-28 19:53:22  2ac2edc02bf37a51 stream      0      0 2ac2edc02adae6d1                0                0                0 /var/rpc/ncalrpc/srvsvc
2026-09-28 19:53:22  2ac2edc02bf37989 stream      0      0 2ac2edc02adae5d1                0                0                0 /var/rpc/ncacn_np/srvsvc
2026-09-28 19:53:22  2ac2edc02bf378c1 stream      0      0 2ac2edc02adae4d1                0                0                0 /var/rpc/ncalrpc/wkssvc
2026-09-28 19:53:22  2ac2edc02bf377f9 stream      0      0 2ac2edc02adae3d1                0                0                0 /var/rpc/ncacn_np/wkssvc
2026-09-28 19:53:22  2ac2edc02bf37731 stream      0      0 2ac2edc02adb02d1                0                0                0 /var/rpc/ncacn_np/mdssvc
2026-09-28 19:53:22  2ac2edc02bf37669 stream      0      0 2ac2edc02adb01d1                0                0                0 /var/rpc/ncalrpc/lsarpc
2026-09-28 19:53:22  2ac2edc02bf375a1 stream      0      0 2ac2edc02adb00d1                0                0                0 /var/rpc/ncacn_np/lsarpc
2026-09-28 19:53:22  2ac2edc02bf374d9 stream      0      0 2ac2edc02adafed1                0                0                0 /var/run/mDNSResponder
2026-09-28 19:53:22  2ac2edc02bf37411 stream      0      0 2ac2edc02adafdd1                0                0                0 /var/run/systemkeychaincheck.socket
2026-09-28 19:53:22  2ac2edc02bf37349 stream      0      0 2ac2edc02adb0cd1                0                0                0 /private/var/run/.sim_diagnosticd_socket
2026-09-28 19:53:22  2ac2edc02bf37281 stream      0      0 2ac2edc02adb0bd1                0                0                0 /var/run/portmap.socket
2026-09-28 19:53:22  2ac2edc02bf371b9 stream      0      0 2ac2edc02adb0ad1                0                0                0 /var/run/vpncontrol.sock
2026-09-28 19:53:22  2ac2edc02bf370f1 stream      0      0 2ac2edc02adb09d1                0                0                0 /var/rpc/ncalrpc/NETLOGON
2026-09-28 19:53:22  2ac2edc02bf37029 stream      0      0 2ac2edc02adb06d1                0                0                0 /private/var/run/cupsd
2026-09-28 19:53:22  2ac2edc02bf2aca9 dgram       0      0                0 2ac2edc02bf36e99                0 2ac2edc02bf2e221
2026-09-28 19:53:22  2ac2edc02bf2e221 dgram       0      0                0 2ac2edc02bf36e99                0 2ac2edc02bf2f289
2026-09-28 19:53:22  2ac2edc02bf2f289 dgram       0      0                0 2ac2edc02bf36e99                0 2ac2edc02bf34ca9
2026-09-28 19:53:22  2ac2edc02bf326d1 dgram       0      0                0 2ac2edc02bf32479 2ac2edc02bf32479                0
2026-09-28 19:53:22  2ac2edc02bf32479 dgram       0      0                0 2ac2edc02bf326d1 2ac2edc02bf326d1                0
2026-09-28 19:53:22  2ac2edc02bf34ca9 dgram       0      0                0 2ac2edc02bf36e99                0 2ac2edc02bf31349
2026-09-28 19:53:22  2ac2edc02bf31349 dgram       0      0                0 2ac2edc02bf36e99                0 2ac2edc02bf398c9
2026-09-28 19:53:22  2ac2edc02bf398c9 dgram       0      0                0 2ac2edc02bf36e99                0 2ac2edc02bf36031
2026-09-28 19:53:22  2ac2edc02bf36031 dgram       0      0                0 2ac2edc02bf36e99                0 2ac2edc02bf34be1
2026-09-28 19:53:22  2ac2edc02bf34be1 dgram       0      0                0 2ac2edc02bf36e99                0 2ac2edc02bf2e6d1
2026-09-28 19:53:22  2ac2edc02bf2e6d1 dgram       0      0                0 2ac2edc02bf36e99                0 2ac2edc02bf2dbe1
2026-09-28 19:53:22  2ac2edc02bf2dbe1 dgram       0      0                0 2ac2edc02bf36e99                0 2ac2edc02bf2f419
2026-09-28 19:53:22  2ac2edc02bf2f419 dgram       0      0                0 2ac2edc02bf36e99                0 2ac2edc02bf2d349
2026-09-28 19:53:22  2ac2edc02bf2d349 dgram       0      0                0 2ac2edc02bf36e99                0 2ac2edc02bf34b19
2026-09-28 19:53:22  2ac2edc02bf34b19 dgram       0      0                0 2ac2edc02bf36e99                0 2ac2edc02bf317f9
2026-09-28 19:53:22  2ac2edc02bf317f9 dgram       0      0                0 2ac2edc02bf36e99                0 2ac2edc02bf33031
2026-09-28 19:53:22  2ac2edc02bf33031 dgram       0      0                0 2ac2edc02bf36e99                0 2ac2edc02bf32d11
2026-09-28 19:53:22  2ac2edc02bf32d11 dgram       0      0                0 2ac2edc02bf36e99                0 2ac2edc02bf31411
2026-09-28 19:53:22  2ac2edc02bf31411 dgram       0      0                0 2ac2edc02bf36e99                0 2ac2edc02bf32861
2026-09-28 19:53:22  2ac2edc02bf32c49 dgram       0      0                0 2ac2edc02bf32b81 2ac2edc02bf32b81                0
2026-09-28 19:53:22  2ac2edc02bf32b81 dgram       0      0                0 2ac2edc02bf32c49 2ac2edc02bf32c49                0
2026-09-28 19:53:22  2ac2edc02bf32861 dgram       0      0                0 2ac2edc02bf36e99                0 2ac2edc02bf32dd9
2026-09-28 19:53:22  2ac2edc02bf32609 dgram       0      0                0 2ac2edc02bf32541 2ac2edc02bf32541                0
2026-09-28 19:53:22  2ac2edc02bf32541 dgram       0      0                0 2ac2edc02bf32609 2ac2edc02bf32609                0
2026-09-28 19:53:22  2ac2edc02bf32dd9 dgram       0      0                0 2ac2edc02bf36e99                0 2ac2edc02bf347f9
2026-09-28 19:53:22  2ac2edc02bf347f9 dgram       0      0                0 2ac2edc02bf36e99                0 2ac2edc02bf310f1
2026-09-28 19:53:22  2ac2edc02bf310f1 dgram       0      0                0 2ac2edc02bf36e99                0 2ac2edc02bf33351
2026-09-28 19:53:22  2ac2edc02bf33351 dgram       0      0                0 2ac2edc02bf36e99                0 2ac2edc02bf329f1
2026-09-28 19:53:22  2ac2edc02bf329f1 dgram       0      0                0 2ac2edc02bf36e99                0 2ac2edc02bf32159
2026-09-28 19:53:22  2ac2edc02bf32159 dgram       0      0                0 2ac2edc02bf36e99                0 2ac2edc02bf34731
2026-09-28 19:53:22  2ac2edc02bf34731 dgram       0      0                0 2ac2edc02bf36e99                0 2ac2edc02bf364e1
2026-09-28 19:53:22  2ac2edc02bf34349 dgram       0      0                0 2ac2edc02bf34281 2ac2edc02bf34281                0
2026-09-28 19:53:22  2ac2edc02bf34281 dgram       0      0                0 2ac2edc02bf34349 2ac2edc02bf34349                0
2026-09-28 19:53:22  2ac2edc02bf35221 dgram       0      0                0 2ac2edc02bf35159 2ac2edc02bf35159                0
2026-09-28 19:53:22  2ac2edc02bf35159 dgram       0      0                0 2ac2edc02bf35221 2ac2edc02bf35221                0
2026-09-28 19:53:22  2ac2edc02bf364e1 dgram       0      0                0 2ac2edc02bf36e99                0 2ac2edc02bf34f01
2026-09-28 19:53:22  2ac2edc02bf34f01 dgram       0      0                0 2ac2edc02bf36e99                0 2ac2edc02bf36419
2026-09-28 19:53:22  2ac2edc02bf36419 dgram       0      0                0 2ac2edc02bf36e99                0 2ac2edc02bf36351
2026-09-28 19:53:22  2ac2edc02bf36351 dgram       0      0                0 2ac2edc02bf36e99                0 2ac2edc02bf36289
2026-09-28 19:53:22  2ac2edc02bf36289 dgram       0      0                0 2ac2edc02bf36e99                0 2ac2edc02bf361c1
2026-09-28 19:53:22  2ac2edc02bf361c1 dgram       0      0                0 2ac2edc02bf36e99                0 2ac2edc02bf389f1
2026-09-28 19:53:22  2ac2edc02bf389f1 dgram       0      0                0 2ac2edc02bf36e99                0 2ac2edc02bf36dd1
2026-09-28 19:53:22  2ac2edc02bf36dd1 dgram       0      0                0 2ac2edc02bf36e99                0 2ac2edc02bf39991
2026-09-28 19:53:22  2ac2edc02bf39b21 dgram       0      0                0 2ac2edc02bf39a59 2ac2edc02bf39a59                0
2026-09-28 19:53:22  2ac2edc02bf39a59 dgram       0      0                0 2ac2edc02bf39b21 2ac2edc02bf39b21                0
2026-09-28 19:53:22  2ac2edc02bf39991 dgram       0      0                0 2ac2edc02bf36e99                0 2ac2edc02bf39801
2026-09-28 19:53:22  2ac2edc02bf39801 dgram       0      0                0 2ac2edc02bf36e99                0 2ac2edc02bf39671
2026-09-28 19:53:22  2ac2edc02bf39671 dgram       0      0                0 2ac2edc02bf36e99                0 2ac2edc02bf395a9
2026-09-28 19:53:22  2ac2edc02bf395a9 dgram       0      0                0 2ac2edc02bf36e99                0 2ac2edc02bf394e1
2026-09-28 19:53:22  2ac2edc02bf394e1 dgram       0      0                0 2ac2edc02bf36e99                0 2ac2edc02bf39419
2026-09-28 19:53:22  2ac2edc02bf39419 dgram       0      0                0 2ac2edc02bf36e99                0 2ac2edc02bf39289
2026-09-28 19:53:22  2ac2edc02bf39351 dgram       0      0                0 2ac2edc02bf391c1 2ac2edc02bf391c1                0
2026-09-28 19:53:22  2ac2edc02bf391c1 dgram       0      0                0 2ac2edc02bf39351 2ac2edc02bf39351                0
2026-09-28 19:53:22  2ac2edc02bf39289 dgram       0      0                0 2ac2edc02bf36e99                0 2ac2edc02bf38c49
2026-09-28 19:53:22  2ac2edc02bf38c49 dgram       0      0                0 2ac2edc02bf36e99                0 2ac2edc02bf38ea1
2026-09-28 19:53:22  2ac2edc02bf38ea1 dgram       0      0                0 2ac2edc02bf36e99                0 2ac2edc02bf38ab9
2026-09-28 19:53:22  2ac2edc02bf38ab9 dgram       0      0                0 2ac2edc02bf36e99                0 2ac2edc02bf38b81
2026-09-28 19:53:22  2ac2edc02bf38b81 dgram       0      0                0 2ac2edc02bf36e99                0 2ac2edc02bf38929
2026-09-28 19:53:22  2ac2edc02bf38929 dgram       0      0                0 2ac2edc02bf36e99                0 2ac2edc02bf38861
2026-09-28 19:53:22  2ac2edc02bf38861 dgram       0      0                0 2ac2edc02bf36e99                0 2ac2edc02bf38799
2026-09-28 19:53:22  2ac2edc02bf38799 dgram       0      0                0 2ac2edc02bf36e99                0 2ac2edc02bf386d1
2026-09-28 19:53:22  2ac2edc02bf386d1 dgram       0      0                0 2ac2edc02bf36e99                0 2ac2edc02bf38609
2026-09-28 19:53:22  2ac2edc02bf38609 dgram       0      0                0 2ac2edc02bf36e99                0 2ac2edc02bf38159
2026-09-28 19:53:22  2ac2edc02bf38541 dgram       0      0                0 2ac2edc02bf38479 2ac2edc02bf38479                0
2026-09-28 19:53:22  2ac2edc02bf38479 dgram       0      0                0 2ac2edc02bf38541 2ac2edc02bf38541                0
2026-09-28 19:53:22  2ac2edc02bf383b1 dgram       0      0                0 2ac2edc02bf382e9 2ac2edc02bf382e9                0
2026-09-28 19:53:22  2ac2edc02bf382e9 dgram       0      0                0 2ac2edc02bf383b1 2ac2edc02bf383b1                0
2026-09-28 19:53:22  2ac2edc02bf38159 dgram       0      0                0 2ac2edc02bf36e99                0 2ac2edc02bf37d71
2026-09-28 19:53:22  2ac2edc02bf37f01 dgram       0      0                0 2ac2edc02bf37e39 2ac2edc02bf37e39                0
2026-09-28 19:53:22  2ac2edc02bf37e39 dgram       0      0                0 2ac2edc02bf37f01 2ac2edc02bf37f01                0
2026-09-28 19:53:22  2ac2edc02bf37d71 dgram       0      0                0 2ac2edc02bf36e99                0 2ac2edc02bf37ca9
2026-09-28 19:53:22  2ac2edc02bf37ca9 dgram       0      0                0 2ac2edc02bf36e99                0 2ac2edc02bf36f61
2026-09-28 19:53:22  2ac2edc02bf36f61 dgram       0      0                0 2ac2edc02bf36e99                0                0
2026-09-28 19:53:22  2ac2edc02bf36e99 dgram       0      0 2ac2edc02ae2b7d1                0 2ac2edc02bf2aca9                0 /private//var/run/syslog
2026-09-28 19:53:22  Registered kernel control modules
2026-09-28 19:53:22  id       flags    pcbcount rcvbuf   sndbuf   name 
2026-09-28 19:53:22         1        9        1     8192   131072 com.apple.flow-divert 
2026-09-28 19:53:22         2        1       25    65536    65536 com.apple.net.netagent 
2026-09-28 19:53:22         3        9        0   524288   524288 com.apple.content-filter 
2026-09-28 19:53:22         4       29        6   524288   524288 com.apple.net.utun_control 
2026-09-28 19:53:22         5       21        0    65536    65536 com.apple.net.ipsec_control 
2026-09-28 19:53:22         6        0       59     8192     2048 com.apple.netsrc 
2026-09-28 19:53:22         7       18        3     8192     2048 com.apple.network.statistics 
2026-09-28 19:53:22         8        5        0     8192    32768 com.apple.network.tcp_ccdebug 
2026-09-28 19:53:22         9        1        0     8192     2048 com.apple.network.advisory 
2026-09-28 19:53:22         a        1        0    65536    65536 com.apple.net.rvi_control 
2026-09-28 19:53:22         b        1        0    16384     2048 com.apple.nke.sockwall 
2026-09-28 19:53:22  Active kernel event sockets
2026-09-28 19:53:22  Proto Recv-Q Send-Q vendor  class  subcl
2026-09-28 19:53:22  kevt       0      0      1      1      9
2026-09-28 19:53:22  kevt       0      0      1      6      1
2026-09-28 19:53:22  kevt       0      0      1      1      2
2026-09-28 19:53:22  kevt       0      0      1      1     11
2026-09-28 19:53:22  kevt       0      0      1      6      1
2026-09-28 19:53:22  kevt       0      0      1      6      1
2026-09-28 19:53:22  kevt       0      0      1      6      1
2026-09-28 19:53:22  kevt       0      0      1      6      1
2026-09-28 19:53:22  kevt       0      0      1      6      1
2026-09-28 19:53:22  kevt       0      0      1      6      1
2026-09-28 19:53:22  kevt       0      0      1      6      1
2026-09-28 19:53:22  kevt       0      0      1      1      2
2026-09-28 19:53:22  kevt       0      0      1      6      1
2026-09-28 19:53:22  kevt       0      0      1      1      7
2026-09-28 19:53:22  kevt       0      0      1      1      1
2026-09-28 19:53:22  kevt       0      0      1      1      2
2026-09-28 19:53:22  kevt       0      0      1      1      0
2026-09-28 19:53:22  kevt       0      0      1      3      3
2026-09-28 19:53:22  Active kernel control sockets
2026-09-28 19:53:22  Proto Recv-Q Send-Q   unit     id name
2026-09-28 19:53:22  kctl       0      0      1      1 com.apple.flow-divert
2026-09-28 19:53:22  kctl       0      0      1      2 com.apple.net.netagent
2026-09-28 19:53:22  kctl       0      0      2      2 com.apple.net.netagent
2026-09-28 19:53:22  kctl       0      0      3      2 com.apple.net.netagent
2026-09-28 19:53:22  kctl       0      0      4      2 com.apple.net.netagent
2026-09-28 19:53:22  kctl       0      0      5      2 com.apple.net.netagent
2026-09-28 19:53:22  kctl       0      0      6      2 com.apple.net.netagent
2026-09-28 19:53:22  kctl       0      0      7      2 com.apple.net.netagent
2026-09-28 19:53:22  kctl       0      0      8      2 com.apple.net.netagent
2026-09-28 19:53:22  kctl       0      0      9      2 com.apple.net.netagent
2026-09-28 19:53:22  kctl       0      0     10      2 com.apple.net.netagent
2026-09-28 19:53:22  kctl       0      0     11      2 com.apple.net.netagent
2026-09-28 19:53:22  kctl       0      0     12      2 com.apple.net.netagent
2026-09-28 19:53:22  kctl       0      0     13      2 com.apple.net.netagent
2026-09-28 19:53:22  kctl       0      0     14      2 com.apple.net.netagent
2026-09-28 19:53:22  kctl       0      0     15      2 com.apple.net.netagent
2026-09-28 19:53:22  kctl       0      0     16      2 com.apple.net.netagent
2026-09-28 19:53:22  kctl       0      0     17      2 com.apple.net.netagent
2026-09-28 19:53:22  kctl       0      0     18      2 com.apple.net.netagent
2026-09-28 19:53:22  kctl       0      0     19      2 com.apple.net.netagent
2026-09-28 19:53:22  kctl       0      0     20      2 com.apple.net.netagent
2026-09-28 19:53:22  kctl       0      0     21      2 com.apple.net.netagent
2026-09-28 19:53:22  kctl       0      0     22      2 com.apple.net.netagent
2026-09-28 19:53:22  kctl       0      0     23      2 com.apple.net.netagent
2026-09-28 19:53:23  kctl       0      0     24      2 com.apple.net.netagent
2026-09-28 19:53:23  kctl       0      0     25      2 com.apple.net.netagent
2026-09-28 19:53:23  kctl       0      0      1      4 com.apple.net.utun_control
2026-09-28 19:53:23  kctl       0      0      2      4 com.apple.net.utun_control
2026-09-28 19:53:23  kctl       0      0      3      4 com.apple.net.utun_control
2026-09-28 19:53:23  kctl       0      0      4      4 com.apple.net.utun_control
2026-09-28 19:53:23  kctl       0      0      5      4 com.apple.net.utun_control
2026-09-28 19:53:23  kctl       0      0      6      4 com.apple.net.utun_control
2026-09-28 19:53:23  kctl       0      0      1      6 com.apple.netsrc
2026-09-28 19:53:23  kctl       0      0      2      6 com.apple.netsrc
2026-09-28 19:53:23  kctl       0      0      3      6 com.apple.netsrc
2026-09-28 19:53:23  kctl       0      0      4      6 com.apple.netsrc
2026-09-28 19:53:23  kctl       0      0      5      6 com.apple.netsrc
2026-09-28 19:53:23  kctl       0      0      6      6 com.apple.netsrc
2026-09-28 19:53:23  kctl       0      0      7      6 com.apple.netsrc
2026-09-28 19:53:23  kctl       0      0      8      6 com.apple.netsrc
2026-09-28 19:53:23  kctl       0      0      9      6 com.apple.netsrc
2026-09-28 19:53:23  kctl       0      0     10      6 com.apple.netsrc
2026-09-28 19:53:23  kctl       0      0     11      6 com.apple.netsrc
2026-09-28 19:53:23  kctl       0      0     12      6 com.apple.netsrc
2026-09-28 19:53:23  kctl       0      0     13      6 com.apple.netsrc
2026-09-28 19:53:23  kctl       0      0     14      6 com.apple.netsrc
2026-09-28 19:53:23  kctl       0      0     15      6 com.apple.netsrc
2026-09-28 19:53:23  kctl       0      0     16      6 com.apple.netsrc
2026-09-28 19:53:23  kctl       0      0     17      6 com.apple.netsrc
2026-09-28 19:53:23  kctl       0      0     18      6 com.apple.netsrc
2026-09-28 19:53:23  kctl       0      0     19      6 com.apple.netsrc
2026-09-28 19:53:23  kctl       0      0     20      6 com.apple.netsrc
2026-09-28 19:53:23  kctl       0      0     21      6 com.apple.netsrc
2026-09-28 19:53:23  kctl       0      0     22      6 com.apple.netsrc
2026-09-28 19:53:23  kctl       0      0     23      6 com.apple.netsrc
2026-09-28 19:53:23  kctl       0      0     24      6 com.apple.netsrc
2026-09-28 19:53:23  kctl       0      0     25      6 com.apple.netsrc
2026-09-28 19:53:23  kctl       0      0     26      6 com.apple.netsrc
2026-09-28 19:53:23  kctl       0      0     27      6 com.apple.netsrc
2026-09-28 19:53:23  kctl       0      0     28      6 com.apple.netsrc
2026-09-28 19:53:23  kctl       0      0     29      6 com.apple.netsrc
2026-09-28 19:53:23  kctl       0      0     30      6 com.apple.netsrc
2026-09-28 19:53:23  kctl       0      0     31      6 com.apple.netsrc
2026-09-28 19:53:23  kctl       0      0     32      6 com.apple.netsrc
2026-09-28 19:53:23  kctl       0      0     33      6 com.apple.netsrc
2026-09-28 19:53:23  kctl       0      0     34      6 com.apple.netsrc
2026-09-28 19:53:23  kctl       0      0     35      6 com.apple.netsrc
2026-09-28 19:53:23  kctl       0      0     36      6 com.apple.netsrc
2026-09-28 19:53:23  kctl       0      0     37      6 com.apple.netsrc
2026-09-28 19:53:23  kctl       0      0     38      6 com.apple.netsrc
2026-09-28 19:53:23  kctl       0      0     39      6 com.apple.netsrc
2026-09-28 19:53:23  kctl       0      0     40      6 com.apple.netsrc
2026-09-28 19:53:23  kctl       0      0     41      6 com.apple.netsrc
2026-09-28 19:53:23  kctl       0      0     42      6 com.apple.netsrc
2026-09-28 19:53:23  kctl       0      0     43      6 com.apple.netsrc
2026-09-28 19:53:23  kctl       0      0     44      6 com.apple.netsrc
2026-09-28 19:53:23  kctl       0      0     45      6 com.apple.netsrc
2026-09-28 19:53:23  kctl       0      0     46      6 com.apple.netsrc
2026-09-28 19:53:23  kctl       0      0     47      6 com.apple.netsrc
2026-09-28 19:53:23  kctl       0      0     48      6 com.apple.netsrc
2026-09-28 19:53:23  kctl       0      0     49      6 com.apple.netsrc
2026-09-28 19:53:23  kctl       0      0     50      6 com.apple.netsrc
2026-09-28 19:53:23  kctl       0      0     51      6 com.apple.netsrc
2026-09-28 19:53:23  kctl       0      0     52      6 com.apple.netsrc
2026-09-28 19:53:23  kctl       0      0     53      6 com.apple.netsrc
2026-09-28 19:53:23  kctl       0      0     54      6 com.apple.netsrc
2026-09-28 19:53:23  kctl       0      0     55      6 com.apple.netsrc
2026-09-28 19:53:23  kctl       0      0     56      6 com.apple.netsrc
2026-09-28 19:53:23  kctl       0      0     57      6 com.apple.netsrc
2026-09-28 19:53:23  kctl       0      0     58      6 com.apple.netsrc
2026-09-28 19:53:23  kctl       0      0     59      6 com.apple.netsrc
2026-09-28 19:53:23  kctl       0      0      1      7 com.apple.network.statistics
2026-09-28 19:53:23  kctl       0      0      2      7 com.apple.network.statistics
2026-09-28 19:53:23  kctl       0      0      3      7 com.apple.network.statistics
2026-09-28 19:53:23  ── Fin : Ports ouverts – Netstat ──
2026-09-28 19:53:30  ── Scan Proxy / Kwartz ──
2026-09-28 19:53:30  Scan proxy de 192.168.1.17…
2026-09-28 19:53:31    Aucun port proxy ouvert sur 192.168.1.17
2026-09-28 19:53:31  ── Fin : Scan Proxy / Kwartz ──
