2026-09-28 19:55:48  Session démarrée
2026-09-28 19:55:53  ── Infos réseau local ──
2026-09-28 19:55:53  lo0: flags=8049<UP,LOOPBACK,RUNNING,MULTICAST> mtu 16384
2026-09-28 19:55:53  	options=1203<RXCSUM,TXCSUM,TXSTATUS,SW_TIMESTAMP>
2026-09-28 19:55:53  	inet 127.0.0.1 netmask 0xff000000 
2026-09-28 19:55:53  	inet6 ::1 prefixlen 128 
2026-09-28 19:55:53  	inet6 fe80::1%lo0 prefixlen 64 scopeid 0x1 
2026-09-28 19:55:53  	nd6 options=201<PERFORMNUD,DAD>
2026-09-28 19:55:53  gif0: flags=8010<POINTOPOINT,MULTICAST> mtu 1280
2026-09-28 19:55:53  stf0: flags=0<> mtu 1280
2026-09-28 19:55:53  XHC20: flags=0<> mtu 0
2026-09-28 19:55:53  en0: flags=8863<UP,BROADCAST,SMART,RUNNING,SIMPLEX,MULTICAST> mtu 1500
2026-09-28 19:55:53  	options=400<CHANNEL_IO>
2026-09-28 19:55:53  	ether a4:5e:60:d3:af:ad 
2026-09-28 19:55:53  	inet6 fe80::1c73:80aa:d0b9:c47%en0 prefixlen 64 secured scopeid 0x5 
2026-09-28 19:55:53  	inet 192.168.1.16 netmask 0xffffff00 broadcast 192.168.1.255
2026-09-28 19:55:53  	inet6 2a01:cb0c:15b1:1900:80e:23e4:d0b3:472c prefixlen 64 autoconf secured 
2026-09-28 19:55:53  	inet6 2a01:cb0c:15b1:1900:2826:5458:c4aa:36fc prefixlen 64 autoconf temporary 
2026-09-28 19:55:53  	nd6 options=201<PERFORMNUD,DAD>
2026-09-28 19:55:53  	media: autoselect
2026-09-28 19:55:53  	status: active
2026-09-28 19:55:53  en1: flags=8963<UP,BROADCAST,SMART,RUNNING,PROMISC,SIMPLEX,MULTICAST> mtu 1500
2026-09-28 19:55:53  	options=460<TSO4,TSO6,CHANNEL_IO>
2026-09-28 19:55:53  	ether 82:13:03:61:02:c0 
2026-09-28 19:55:53  	media: autoselect <full-duplex>
2026-09-28 19:55:53  	status: inactive
2026-09-28 19:55:53  en2: flags=8963<UP,BROADCAST,SMART,RUNNING,PROMISC,SIMPLEX,MULTICAST> mtu 1500
2026-09-28 19:55:53  	options=460<TSO4,TSO6,CHANNEL_IO>
2026-09-28 19:55:53  	ether 82:13:03:61:02:c1 
2026-09-28 19:55:53  	media: autoselect <full-duplex>
2026-09-28 19:55:53  	status: inactive
2026-09-28 19:55:53  bridge0: flags=8863<UP,BROADCAST,SMART,RUNNING,SIMPLEX,MULTICAST> mtu 1500
2026-09-28 19:55:53  	options=63<RXCSUM,TXCSUM,TSO4,TSO6>
2026-09-28 19:55:53  	ether 82:13:03:61:02:c0 
2026-09-28 19:55:53  	Configuration:
2026-09-28 19:55:53  		id 0:0:0:0:0:0 priority 0 hellotime 0 fwddelay 0
2026-09-28 19:55:53  		maxage 0 holdcnt 0 proto stp maxaddr 100 timeout 1200
2026-09-28 19:55:53  		root id 0:0:0:0:0:0 priority 0 ifcost 0 port 0
2026-09-28 19:55:53  		ipfilter disabled flags 0x0
2026-09-28 19:55:53  	member: en1 flags=3<LEARNING,DISCOVER>
2026-09-28 19:55:53  	        ifmaxaddr 0 port 6 priority 0 path cost 0
2026-09-28 19:55:53  	member: en2 flags=3<LEARNING,DISCOVER>
2026-09-28 19:55:53  	        ifmaxaddr 0 port 7 priority 0 path cost 0
2026-09-28 19:55:53  	nd6 options=201<PERFORMNUD,DAD>
2026-09-28 19:55:53  	media: <unknown type>
2026-09-28 19:55:53  	status: inactive
2026-09-28 19:55:53  p2p0: flags=8843<UP,BROADCAST,RUNNING,SIMPLEX,MULTICAST> mtu 2304
2026-09-28 19:55:53  	options=400<CHANNEL_IO>
2026-09-28 19:55:53  	ether 06:5e:60:d3:af:ad 
2026-09-28 19:55:53  	media: autoselect
2026-09-28 19:55:53  	status: inactive
2026-09-28 19:55:53  awdl0: flags=8943<UP,BROADCAST,RUNNING,PROMISC,SIMPLEX,MULTICAST> mtu 1484
2026-09-28 19:55:53  	options=400<CHANNEL_IO>
2026-09-28 19:55:53  	ether 42:27:df:d8:39:67 
2026-09-28 19:55:53  	inet6 fe80::4027:dfff:fed8:3967%awdl0 prefixlen 64 scopeid 0xa 
2026-09-28 19:55:53  	nd6 options=201<PERFORMNUD,DAD>
2026-09-28 19:55:53  	media: autoselect
2026-09-28 19:55:53  	status: active
2026-09-28 19:55:53  llw0: flags=8863<UP,BROADCAST,SMART,RUNNING,SIMPLEX,MULTICAST> mtu 1500
2026-09-28 19:55:53  	options=400<CHANNEL_IO>
2026-09-28 19:55:53  	ether 42:27:df:d8:39:67 
2026-09-28 19:55:53  	inet6 fe80::4027:dfff:fed8:3967%llw0 prefixlen 64 scopeid 0xb 
2026-09-28 19:55:53  	nd6 options=201<PERFORMNUD,DAD>
2026-09-28 19:55:53  	media: autoselect
2026-09-28 19:55:53  	status: active
2026-09-28 19:55:53  utun0: flags=8051<UP,POINTOPOINT,RUNNING,MULTICAST> mtu 1380
2026-09-28 19:55:53  	inet6 fe80::c6b2:5071:d541:bb18%utun0 prefixlen 64 scopeid 0xc 
2026-09-28 19:55:53  	nd6 options=201<PERFORMNUD,DAD>
2026-09-28 19:55:53  utun1: flags=8051<UP,POINTOPOINT,RUNNING,MULTICAST> mtu 2000
2026-09-28 19:55:53  	inet6 fe80::bb:264:ca37:e2fa%utun1 prefixlen 64 scopeid 0xd 
2026-09-28 19:55:53  	nd6 options=201<PERFORMNUD,DAD>
2026-09-28 19:55:53  utun2: flags=8051<UP,POINTOPOINT,RUNNING,MULTICAST> mtu 1000
2026-09-28 19:55:53  	inet6 fe80::ce81:b1c:bd2c:69e%utun2 prefixlen 64 scopeid 0xe 
2026-09-28 19:55:53  	nd6 options=201<PERFORMNUD,DAD>
2026-09-28 19:55:53  utun3: flags=8051<UP,POINTOPOINT,RUNNING,MULTICAST> mtu 1380
2026-09-28 19:55:53  	inet6 fe80::52c9:1d30:2cc6:e129%utun3 prefixlen 64 scopeid 0xf 
2026-09-28 19:55:53  	nd6 options=201<PERFORMNUD,DAD>
2026-09-28 19:55:53  utun4: flags=8051<UP,POINTOPOINT,RUNNING,MULTICAST> mtu 1380
2026-09-28 19:55:53  	inet6 fe80::3157:86a6:d83b:e8a2%utun4 prefixlen 64 scopeid 0x10 
2026-09-28 19:55:53  	nd6 options=201<PERFORMNUD,DAD>
2026-09-28 19:55:53  utun5: flags=8051<UP,POINTOPOINT,RUNNING,MULTICAST> mtu 1380
2026-09-28 19:55:53  	inet6 fe80::bfb8:e67:d8a:e0f3%utun5 prefixlen 64 scopeid 0x11 
2026-09-28 19:55:53  	nd6 options=201<PERFORMNUD,DAD>
2026-09-28 19:55:53  ── Fin : Infos réseau local ──
